alumno@alumno-VirtualBox:~$ su
Contraseña: 
su: Fallo de autenticación
alumno@alumno-VirtualBox:~$ sudo
usage: sudo -h | -K | -k | -V
usage: sudo -v [-AknS] [-g group] [-h host] [-p
            prompt] [-u user]
usage: sudo -l [-AknS] [-g group] [-h host] [-p
            prompt] [-U user] [-u user] [command]
usage: sudo [-AbEHknPS] [-r role] [-t type] [-C num]
            [-g group] [-h host] [-p prompt] [-u
            user] [VAR=value] [-i|-s] [<command>]
usage: sudo -e [-AknS] [-r role] [-t type] [-C num]
            [-g group] [-h host] [-p prompt] [-u
            user] file ...
alumno@alumno-VirtualBox:~$ sudo fdisk -l /dev/sdb
[sudo] password for alumno: 
Disk /dev/sdb: 100 MiB, 104857600 bytes, 204800 sectors
Units: sectors of 1 * 512 = 512 bytes
Sector size (logical/physical): 512 bytes / 512 bytes
I/O size (minimum/optimal): 512 bytes / 512 bytes
alumno@alumno-VirtualBox:~$ clear














alumno@alumno-VirtualBox:~$ sudo fdisk -l /dev/sdb
Disk /dev/sdb: 100 MiB, 104857600 bytes, 204800 sectors
Units: sectors of 1 * 512 = 512 bytes
Sector size (logical/physical): 512 bytes / 512 bytes
I/O size (minimum/optimal): 512 bytes / 512 bytes
alumno@alumno-VirtualBox:~$ sudo fdisk -l /dev/sdc
Disk /dev/sdc: 100 MiB, 104857600 bytes, 204800 sectors
Units: sectors of 1 * 512 = 512 bytes
Sector size (logical/physical): 512 bytes / 512 bytes
I/O size (minimum/optimal): 512 bytes / 512 bytes
alumno@alumno-VirtualBox:~$ sudo fdisk

Usage:
 fdisk [options] <disk>      change partition table
 fdisk [options] -l [<disk>] list partition table(s)

Display or manipulate a disk partition table.

Opciones:
 -b, --sector-size <size>      physical and logical sector size
 -B, --protect-boot            don't erase bootbits when creating a new label
 -c, --compatibility[=<mode>]  mode is 'dos' or 'nondos' (default)
 -L, --color[=<when>]          colorize output (auto, always or never)
                                 colors are enabled by default
 -l, --list                    display partitions end exit
 -o, --output <list>           output columns
 -t, --type <type>             recognize specified partition table type only
 -u, --units[=<unit>]          display units: 'cylinders' or 'sectors' (default)
 -s, --getsz                   display device size in 512-byte sectors [DEPRECATED]
     --bytes                   print SIZE in bytes rather than in human readable format
 -w, --wipe <mode>             wipe signatures (auto, always or never)

 -C, --cylinders <number>      specify the number of cylinders
 -H, --heads <number>          specify the number of heads
 -S, --sectors <number>        specify the number of sectors per track

 -h, --help     display this help and exit
 -V, --version  output version information and exit

Available columns (for -o):
 gpt: Device Start End Sectors Size Type Type-UUID
      Attrs Name UUID
 dos: Device Start End Sectors Cylinders Size Type Id
      Attrs Boot End-C/H/S Start-C/H/S
 bsd: Slice Start End Sectors Cylinders Size Type
      Bsize Cpg Fsize
 sgi: Device Start End Sectors Cylinders Size Type Id
      Attrs
 sun: Device Start End Sectors Cylinders Size Type Id
      Flags

For more details see fdisk(8).
alumno@alumno-VirtualBox:~$ clear

alumno@alumno-VirtualBox:~$ sudo fdisk m

Welcome to fdisk (util-linux 2.28.2).
Changes will remain in memory only, until you decide to write them.
Be careful before using the write command.

fdisk: no se puede abrir m: No existe el archivo o el directorio
alumno@alumno-VirtualBox:~$ apt get fdisk
E: Operación inválida: get
alumno@alumno-VirtualBox:~$ aptget fdisk
No se ha encontrado la orden «aptget», quizás quiso decir:
 La orden «apt-get» del paquete «apt» (main)
aptget: no se encontró la orden
alumno@alumno-VirtualBox:~$ apt-get fdisk
E: Operación inválida: fdisk
alumno@alumno-VirtualBox:~$ apt-getinstall fdisk
apt-getinstall: no se encontró la orden
alumno@alumno-VirtualBox:~$ apt-install fdisk
apt-install: no se encontró la orden
alumno@alumno-VirtualBox:~$ apt-get install fdisk
E: No se pudo abrir el fichero de bloqueo «/var/lib/dpkg/lock» - open (13: Permiso denegado)
E: No se pudo bloquear el directorio de administración (/var/lib/dpkg/), ¿está como superusuario?
alumno@alumno-VirtualBox:~$ sudo apt-get install fdisk
Leyendo lista de paquetes... Hecho
Creando árbol de dependencias       
Leyendo la información de estado... Hecho
E: No se ha podido localizar el paquete fdisk
alumno@alumno-VirtualBox:~$ sudo fdisk m

Welcome to fdisk (util-linux 2.28.2).
Changes will remain in memory only, until you decide to write them.
Be careful before using the write command.

fdisk: no se puede abrir m: No existe el archivo o el directorio
alumno@alumno-VirtualBox:~$ sudo fdisk m

Welcome to fdisk (util-linux 2.28.2).
Changes will remain in memory only, until you decide to write them.
Be careful before using the write command.

fdisk: no se puede abrir m: No existe el archivo o el directorio
alumno@alumno-VirtualBox:~$ clear

alumno@alumno-VirtualBox:~$ sudo fdisk -l
Disk /dev/ram0: 64 MiB, 67108864 bytes, 131072 sectors
Units: sectors of 1 * 512 = 512 bytes
Sector size (logical/physical): 512 bytes / 4096 bytes
I/O size (minimum/optimal): 4096 bytes / 4096 bytes


Disk /dev/ram1: 64 MiB, 67108864 bytes, 131072 sectors
Units: sectors of 1 * 512 = 512 bytes
Sector size (logical/physical): 512 bytes / 4096 bytes
I/O size (minimum/optimal): 4096 bytes / 4096 bytes


Disk /dev/ram2: 64 MiB, 67108864 bytes, 131072 sectors
Units: sectors of 1 * 512 = 512 bytes
Sector size (logical/physical): 512 bytes / 4096 bytes
I/O size (minimum/optimal): 4096 bytes / 4096 bytes


Disk /dev/ram3: 64 MiB, 67108864 bytes, 131072 sectors
Units: sectors of 1 * 512 = 512 bytes
Sector size (logical/physical): 512 bytes / 4096 bytes
I/O size (minimum/optimal): 4096 bytes / 4096 bytes


Disk /dev/ram4: 64 MiB, 67108864 bytes, 131072 sectors
Units: sectors of 1 * 512 = 512 bytes
Sector size (logical/physical): 512 bytes / 4096 bytes
I/O size (minimum/optimal): 4096 bytes / 4096 bytes


Disk /dev/ram5: 64 MiB, 67108864 bytes, 131072 sectors
Units: sectors of 1 * 512 = 512 bytes
Sector size (logical/physical): 512 bytes / 4096 bytes
I/O size (minimum/optimal): 4096 bytes / 4096 bytes


Disk /dev/ram6: 64 MiB, 67108864 bytes, 131072 sectors
Units: sectors of 1 * 512 = 512 bytes
Sector size (logical/physical): 512 bytes / 4096 bytes
I/O size (minimum/optimal): 4096 bytes / 4096 bytes


Disk /dev/ram7: 64 MiB, 67108864 bytes, 131072 sectors
Units: sectors of 1 * 512 = 512 bytes
Sector size (logical/physical): 512 bytes / 4096 bytes
I/O size (minimum/optimal): 4096 bytes / 4096 bytes


Disk /dev/ram8: 64 MiB, 67108864 bytes, 131072 sectors
Units: sectors of 1 * 512 = 512 bytes
Sector size (logical/physical): 512 bytes / 4096 bytes
I/O size (minimum/optimal): 4096 bytes / 4096 bytes


Disk /dev/ram9: 64 MiB, 67108864 bytes, 131072 sectors
Units: sectors of 1 * 512 = 512 bytes
Sector size (logical/physical): 512 bytes / 4096 bytes
I/O size (minimum/optimal): 4096 bytes / 4096 bytes


Disk /dev/ram10: 64 MiB, 67108864 bytes, 131072 sectors
Units: sectors of 1 * 512 = 512 bytes
Sector size (logical/physical): 512 bytes / 4096 bytes
I/O size (minimum/optimal): 4096 bytes / 4096 bytes


Disk /dev/ram11: 64 MiB, 67108864 bytes, 131072 sectors
Units: sectors of 1 * 512 = 512 bytes
Sector size (logical/physical): 512 bytes / 4096 bytes
I/O size (minimum/optimal): 4096 bytes / 4096 bytes


Disk /dev/ram12: 64 MiB, 67108864 bytes, 131072 sectors
Units: sectors of 1 * 512 = 512 bytes
Sector size (logical/physical): 512 bytes / 4096 bytes
I/O size (minimum/optimal): 4096 bytes / 4096 bytes


Disk /dev/ram13: 64 MiB, 67108864 bytes, 131072 sectors
Units: sectors of 1 * 512 = 512 bytes
Sector size (logical/physical): 512 bytes / 4096 bytes
I/O size (minimum/optimal): 4096 bytes / 4096 bytes


Disk /dev/ram14: 64 MiB, 67108864 bytes, 131072 sectors
Units: sectors of 1 * 512 = 512 bytes
Sector size (logical/physical): 512 bytes / 4096 bytes
I/O size (minimum/optimal): 4096 bytes / 4096 bytes


Disk /dev/ram15: 64 MiB, 67108864 bytes, 131072 sectors
Units: sectors of 1 * 512 = 512 bytes
Sector size (logical/physical): 512 bytes / 4096 bytes
I/O size (minimum/optimal): 4096 bytes / 4096 bytes




Disk /dev/sda: 8 GiB, 8589934592 bytes, 16777216 sectors
Units: sectors of 1 * 512 = 512 bytes
Sector size (logical/physical): 512 bytes / 512 bytes
I/O size (minimum/optimal): 512 bytes / 512 bytes
Disklabel type: dos
Disk identifier: 0x17201772

Disposit.  Inicio    Start    Final Sectores  Size Id Tipo
/dev/sda1  *          2048 15728639 15726592  7,5G 83 Linux
/dev/sda2         15730686 16775167  1044482  510M  5 Extendida
/dev/sda5         15730688 16775167  1044480  510M 82 Linux swap / Solaris


Disk /dev/sdb: 100 MiB, 104857600 bytes, 204800 sectors
Units: sectors of 1 * 512 = 512 bytes
Sector size (logical/physical): 512 bytes / 512 bytes
I/O size (minimum/optimal): 512 bytes / 512 bytes


Disk /dev/sdc: 100 MiB, 104857600 bytes, 204800 sectors
Units: sectors of 1 * 512 = 512 bytes
Sector size (logical/physical): 512 bytes / 512 bytes
I/O size (minimum/optimal): 512 bytes / 512 bytes
alumno@alumno-VirtualBox:~$ clear

alumno@alumno-VirtualBox:~$ sudo fdisk m

Welcome to fdisk (util-linux 2.28.2).
Changes will remain in memory only, until you decide to write them.
Be careful before using the write command.

fdisk: no se puede abrir m: No existe el archivo o el directorio
alumno@alumno-VirtualBox:~$ fdisk m

Welcome to fdisk (util-linux 2.28.2).
Changes will remain in memory only, until you decide to write them.
Be careful before using the write command.

fdisk: no se puede abrir m: No existe el archivo o el directorio
alumno@alumno-VirtualBox:~$ sudo fdisk 

Usage:
 fdisk [options] <disk>      change partition table
 fdisk [options] -l [<disk>] list partition table(s)

Display or manipulate a disk partition table.

Opciones:
 -b, --sector-size <size>      physical and logical sector size
 -B, --protect-boot            don't erase bootbits when creating a new label
 -c, --compatibility[=<mode>]  mode is 'dos' or 'nondos' (default)
 -L, --color[=<when>]          colorize output (auto, always or never)
                                 colors are enabled by default
 -l, --list                    display partitions end exit
 -o, --output <list>           output columns
 -t, --type <type>             recognize specified partition table type only
 -u, --units[=<unit>]          display units: 'cylinders' or 'sectors' (default)
 -s, --getsz                   display device size in 512-byte sectors [DEPRECATED]
     --bytes                   print SIZE in bytes rather than in human readable format
 -w, --wipe <mode>             wipe signatures (auto, always or never)

 -C, --cylinders <number>      specify the number of cylinders
 -H, --heads <number>          specify the number of heads
 -S, --sectors <number>        specify the number of sectors per track

 -h, --help     display this help and exit
 -V, --version  output version information and exit

Available columns (for -o):
 gpt: Device Start End Sectors Size Type Type-UUID Attrs Name UUID
 dos: Device Start End Sectors Cylinders Size Type Id Attrs Boot End-C/H/S
      Start-C/H/S
 bsd: Slice Start End Sectors Cylinders Size Type Bsize Cpg Fsize
 sgi: Device Start End Sectors Cylinders Size Type Id Attrs
 sun: Device Start End Sectors Cylinders Size Type Id Flags

For more details see fdisk(8).
alumno@alumno-VirtualBox:~$ sudo fdisk -help

Usage:
 fdisk [options] <disk>      change partition table
 fdisk [options] -l [<disk>] list partition table(s)

Display or manipulate a disk partition table.

Opciones:
 -b, --sector-size <size>      physical and logical sector size
 -B, --protect-boot            don't erase bootbits when creating a new label
 -c, --compatibility[=<mode>]  mode is 'dos' or 'nondos' (default)
 -L, --color[=<when>]          colorize output (auto, always or never)
                                 colors are enabled by default
 -l, --list                    display partitions end exit
 -o, --output <list>           output columns
 -t, --type <type>             recognize specified partition table type only
 -u, --units[=<unit>]          display units: 'cylinders' or 'sectors' (default)
 -s, --getsz                   display device size in 512-byte sectors [DEPRECATED]
     --bytes                   print SIZE in bytes rather than in human readable format
 -w, --wipe <mode>             wipe signatures (auto, always or never)

 -C, --cylinders <number>      specify the number of cylinders
 -H, --heads <number>          specify the number of heads
 -S, --sectors <number>        specify the number of sectors per track

 -h, --help     display this help and exit
 -V, --version  output version information and exit

Available columns (for -o):
 gpt: Device Start End Sectors Size Type Type-UUID Attrs Name UUID
 dos: Device Start End Sectors Cylinders Size Type Id Attrs Boot End-C/H/S
      Start-C/H/S
 bsd: Slice Start End Sectors Cylinders Size Type Bsize Cpg Fsize
 sgi: Device Start End Sectors Cylinders Size Type Id Attrs
 sun: Device Start End Sectors Cylinders Size Type Id Flags

For more details see fdisk(8).
alumno@alumno-VirtualBox:~$ sudo fdisk -help

Usage:
 fdisk [options] <disk>      change partition table
 fdisk [options] -l [<disk>] list partition table(s)

Display or manipulate a disk partition table.

Opciones:
 -b, --sector-size <size>      physical and logical sector size
 -B, --protect-boot            don't erase bootbits when creating a new label
 -c, --compatibility[=<mode>]  mode is 'dos' or 'nondos' (default)
 -L, --color[=<when>]          colorize output (auto, always or never)
                                 colors are enabled by default
 -l, --list                    display partitions end exit
 -o, --output <list>           output columns
 -t, --type <type>             recognize specified partition table type only
 -u, --units[=<unit>]          display units: 'cylinders' or 'sectors' (default)
 -s, --getsz                   display device size in 512-byte sectors [DEPRECATED]
     --bytes                   print SIZE in bytes rather than in human readable format
 -w, --wipe <mode>             wipe signatures (auto, always or never)

 -C, --cylinders <number>      specify the number of cylinders
 -H, --heads <number>          specify the number of heads
 -S, --sectors <number>        specify the number of sectors per track

 -h, --help     display this help and exit
 -V, --version  output version information and exit

Available columns (for -o):
 gpt: Device Start End Sectors Size Type Type-UUID Attrs Name UUID
 dos: Device Start End Sectors Cylinders Size Type Id Attrs Boot End-C/H/S
      Start-C/H/S
 bsd: Slice Start End Sectors Cylinders Size Type Bsize Cpg Fsize
 sgi: Device Start End Sectors Cylinders Size Type Id Attrs
 sun: Device Start End Sectors Cylinders Size Type Id Flags

For more details see fdisk(8).
alumno@alumno-VirtualBox:~$ sudo fdisk --help

Usage:
 fdisk [options] <disk>      change partition table
 fdisk [options] -l [<disk>] list partition table(s)

Display or manipulate a disk partition table.

Opciones:
 -b, --sector-size <size>      physical and logical sector size
 -B, --protect-boot            don't erase bootbits when creating a new label
 -c, --compatibility[=<mode>]  mode is 'dos' or 'nondos' (default)
 -L, --color[=<when>]          colorize output (auto, always or never)
                                 colors are enabled by default
 -l, --list                    display partitions end exit
 -o, --output <list>           output columns
 -t, --type <type>             recognize specified partition table type only
 -u, --units[=<unit>]          display units: 'cylinders' or 'sectors' (default)
 -s, --getsz                   display device size in 512-byte sectors [DEPRECATED]
     --bytes                   print SIZE in bytes rather than in human readable format
 -w, --wipe <mode>             wipe signatures (auto, always or never)

 -C, --cylinders <number>      specify the number of cylinders
 -H, --heads <number>          specify the number of heads
 -S, --sectors <number>        specify the number of sectors per track

 -h, --help     display this help and exit
 -V, --version  output version information and exit

Available columns (for -o):
 gpt: Device Start End Sectors Size Type Type-UUID Attrs Name UUID
 dos: Device Start End Sectors Cylinders Size Type Id Attrs Boot End-C/H/S
      Start-C/H/S
 bsd: Slice Start End Sectors Cylinders Size Type Bsize Cpg Fsize
 sgi: Device Start End Sectors Cylinders Size Type Id Attrs
 sun: Device Start End Sectors Cylinders Size Type Id Flags

For more details see fdisk(8).
alumno@alumno-VirtualBox:~$ fdisk --help

Usage:
 fdisk [options] <disk>      change partition table
 fdisk [options] -l [<disk>] list partition table(s)

Display or manipulate a disk partition table.

Opciones:
 -b, --sector-size <size>      physical and logical sector size
 -B, --protect-boot            don't erase bootbits when creating a new label
 -c, --compatibility[=<mode>]  mode is 'dos' or 'nondos' (default)
 -L, --color[=<when>]          colorize output (auto, always or never)
                                 colors are enabled by default
 -l, --list                    display partitions end exit
 -o, --output <list>           output columns
 -t, --type <type>             recognize specified partition table type only
 -u, --units[=<unit>]          display units: 'cylinders' or 'sectors' (default)
 -s, --getsz                   display device size in 512-byte sectors [DEPRECATED]
     --bytes                   print SIZE in bytes rather than in human readable format
 -w, --wipe <mode>             wipe signatures (auto, always or never)

 -C, --cylinders <number>      specify the number of cylinders
 -H, --heads <number>          specify the number of heads
 -S, --sectors <number>        specify the number of sectors per track

 -h, --help     display this help and exit
 -V, --version  output version information and exit

Available columns (for -o):
 gpt: Device Start End Sectors Size Type Type-UUID Attrs Name UUID
 dos: Device Start End Sectors Cylinders Size Type Id Attrs Boot End-C/H/S
      Start-C/H/S
 bsd: Slice Start End Sectors Cylinders Size Type Bsize Cpg Fsize
 sgi: Device Start End Sectors Cylinders Size Type Id Attrs
 sun: Device Start End Sectors Cylinders Size Type Id Flags

For more details see fdisk(8).
alumno@alumno-VirtualBox:~$ clear

alumno@alumno-VirtualBox:~$ fdisk --help

Usage:
 fdisk [options] <disk>      change partition table
 fdisk [options] -l [<disk>] list partition table(s)

Display or manipulate a disk partition table.

Opciones:
 -b, --sector-size <size>      physical and logical sector size
 -B, --protect-boot            don't erase bootbits when creating a new label
 -c, --compatibility[=<mode>]  mode is 'dos' or 'nondos' (default)
 -L, --color[=<when>]          colorize output (auto, always or never)
                                 colors are enabled by default
 -l, --list                    display partitions end exit
 -o, --output <list>           output columns
 -t, --type <type>             recognize specified partition table type only
 -u, --units[=<unit>]          display units: 'cylinders' or 'sectors' (default)
 -s, --getsz                   display device size in 512-byte sectors [DEPRECATED]
     --bytes                   print SIZE in bytes rather than in human readable format
 -w, --wipe <mode>             wipe signatures (auto, always or never)

 -C, --cylinders <number>      specify the number of cylinders
 -H, --heads <number>          specify the number of heads
 -S, --sectors <number>        specify the number of sectors per track

 -h, --help     display this help and exit
 -V, --version  output version information and exit

Available columns (for -o):
 gpt: Device Start End Sectors Size Type Type-UUID Attrs Name UUID
 dos: Device Start End Sectors Cylinders Size Type Id Attrs Boot End-C/H/S
      Start-C/H/S
 bsd: Slice Start End Sectors Cylinders Size Type Bsize Cpg Fsize
 sgi: Device Start End Sectors Cylinders Size Type Id Attrs
 sun: Device Start End Sectors Cylinders Size Type Id Flags

For more details see fdisk(8).
alumno@alumno-VirtualBox:~$ apt-get update fdisk
E: La orden de actualización no necesita argumentos
alumno@alumno-VirtualBox:~$ clear

alumno@alumno-VirtualBox:~$ sudo apt-get upgrade
Leyendo lista de paquetes... Hecho
Creando árbol de dependencias       
Leyendo la información de estado... Hecho
Calculando la actualización... Hecho
Los siguientes paquetes se han retenido:
  gnome-software gnome-software-common linux-generic linux-headers-generic
  linux-image-generic
Se actualizarán los siguientes paquetes:
  apport apport-gtk apt apt-transport-https apt-utils firefox firefox-locale-en
  firefox-locale-es ghostscript ghostscript-x libapt-inst2.0 libapt-pkg5.0 libgme0
  libgs9 libgs9-common linux-libc-dev python3-apport python3-problem-report
  thunderbird thunderbird-locale-en thunderbird-locale-en-us thunderbird-locale-es
  thunderbird-locale-es-es tzdata
24 actualizados, 0 nuevos se instalarán, 0 para eliminar y 5 no actualizados.
Se necesita descargar 93,1 MB de archivos.
Se utilizarán 200 kB de espacio de disco adicional después de esta operación.
¿Desea continuar? [S/n] s
Err:1 http://security.ubuntu.com/ubuntu yakkety-security/main amd64 libapt-pkg5.0 amd64 1.3.2ubuntu0.1
  404  Not Found [IP: 91.189.88.149 80]
Err:2 http://security.ubuntu.com/ubuntu yakkety-security/main amd64 libapt-inst2.0 amd64 1.3.2ubuntu0.1
  404  Not Found [IP: 91.189.88.149 80]
Err:3 http://security.ubuntu.com/ubuntu yakkety-security/main amd64 apt amd64 1.3.2ubuntu0.1
  404  Not Found [IP: 91.189.88.149 80]
Err:4 http://security.ubuntu.com/ubuntu yakkety-security/main amd64 apt-utils amd64 1.3.2ubuntu0.1
  404  Not Found [IP: 91.189.88.149 80]
Ign:5 http://security.ubuntu.com/ubuntu yakkety-security/main amd64 tzdata all 2016j-0ubuntu0.16.10
0% [Esperando las cabeceras]^C
alumno@alumno-VirtualBox:~$ apt-get upgrade fdisk
E: No se pudo abrir el fichero de bloqueo «/var/lib/dpkg/lock» - open (13: Permiso denegado)
E: No se pudo bloquear el directorio de administración (/var/lib/dpkg/), ¿está como superusuario?
alumno@alumno-VirtualBox:~$ sudo apt-get upgrade fdisk
Leyendo lista de paquetes... Hecho
Creando árbol de dependencias       
Leyendo la información de estado... Hecho
E: No se ha podido localizar el paquete fdisk
alumno@alumno-VirtualBox:~$ sudo apt.get install fdisk
sudo: apt.get: orden no encontrada
alumno@alumno-VirtualBox:~$ sudo apt-get install fdisk
Leyendo lista de paquetes... Hecho
Creando árbol de dependencias       
Leyendo la información de estado... Hecho
E: No se ha podido localizar el paquete fdisk
alumno@alumno-VirtualBox:~$ ping 8.8.8.8
PING 8.8.8.8 (8.8.8.8) 56(84) bytes of data.
64 bytes from 8.8.8.8: icmp_seq=1 ttl=55 time=14.2 ms
64 bytes from 8.8.8.8: icmp_seq=2 ttl=55 time=15.8 ms
64 bytes from 8.8.8.8: icmp_seq=3 ttl=55 time=28.8 ms
64 bytes from 8.8.8.8: icmp_seq=4 ttl=55 time=9.51 ms
64 bytes from 8.8.8.8: icmp_seq=5 ttl=55 time=26.1 ms
64 bytes from 8.8.8.8: icmp_seq=6 ttl=55 time=9.53 ms
64 bytes from 8.8.8.8: icmp_seq=7 ttl=55 time=9.67 ms
64 bytes from 8.8.8.8: icmp_seq=8 ttl=55 time=17.0 ms
^C
--- 8.8.8.8 ping statistics ---
8 packets transmitted, 8 received, 0% packet loss, time 7012ms
rtt min/avg/max/mdev = 9.513/16.362/28.875/7.026 ms
alumno@alumno-VirtualBox:~$ clear

alumno@alumno-VirtualBox:~$ fdisk -m
fdisk: opción incorrecta -- «m»

Usage:
 fdisk [options] <disk>      change partition table
 fdisk [options] -l [<disk>] list partition table(s)

Display or manipulate a disk partition table.

Opciones:
 -b, --sector-size <size>      physical and logical sector size
 -B, --protect-boot            don't erase bootbits when creating a new label
 -c, --compatibility[=<mode>]  mode is 'dos' or 'nondos' (default)
 -L, --color[=<when>]          colorize output (auto, always or never)
                                 colors are enabled by default
 -l, --list                    display partitions end exit
 -o, --output <list>           output columns
 -t, --type <type>             recognize specified partition table type only
 -u, --units[=<unit>]          display units: 'cylinders' or 'sectors' (default)
 -s, --getsz                   display device size in 512-byte sectors [DEPRECATED]
     --bytes                   print SIZE in bytes rather than in human readable format
 -w, --wipe <mode>             wipe signatures (auto, always or never)

 -C, --cylinders <number>      specify the number of cylinders
 -H, --heads <number>          specify the number of heads
 -S, --sectors <number>        specify the number of sectors per track

 -h, --help     display this help and exit
 -V, --version  output version information and exit

Available columns (for -o):
 gpt: Device Start End Sectors Size Type Type-UUID Attrs Name UUID
 dos: Device Start End Sectors Cylinders Size Type Id Attrs Boot End-C/H/S
      Start-C/H/S
 bsd: Slice Start End Sectors Cylinders Size Type Bsize Cpg Fsize
 sgi: Device Start End Sectors Cylinders Size Type Id Attrs
 sun: Device Start End Sectors Cylinders Size Type Id Flags

For more details see fdisk(8).
alumno@alumno-VirtualBox:~$ clear

alumno@alumno-VirtualBox:~$ fdisk m

Welcome to fdisk (util-linux 2.28.2).
Changes will remain in memory only, until you decide to write them.
Be careful before using the write command.

fdisk: no se puede abrir m: No existe el archivo o el directorio
alumno@alumno-VirtualBox:~$ cd /dev/sdb
bash: cd: /dev/sdb: No es un directorio
alumno@alumno-VirtualBox:~$ sudo fdisk /dev/sdb

Welcome to fdisk (util-linux 2.28.2).
Changes will remain in memory only, until you decide to write them.
Be careful before using the write command.

El dispositivo no contiene una tabla de particiones reconocible.
Created a new DOS disklabel with disk identifier 0x78baf3eb.

Orden (m para obtener ayuda): n
Partition type
   p   primary (0 primary, 0 extended, 4 free)
   e   extended (container for logical partitions)
Select (default p): p
Número de partición (1-4, default 1): 1
First sector (2048-204799, default 2048): +30mb
Value out of range.
First sector (2048-204799, default 2048): +10mb
Value out of range.
First sector (2048-204799, default 2048): 30mb
Value out of range.
First sector (2048-204799, default 2048): 30
Value out of range.
First sector (2048-204799, default 2048): +30
Value out of range.
First sector (2048-204799, default 2048): +30MB
Value out of range.
First sector (2048-204799, default 2048): ^C
alumno@alumno-VirtualBox:~$ sudo fdisk /dev/sdb

Welcome to fdisk (util-linux 2.28.2).
Changes will remain in memory only, until you decide to write them.
Be careful before using the write command.

El dispositivo no contiene una tabla de particiones reconocible.
Created a new DOS disklabel with disk identifier 0x627d4f96.

Orden (m para obtener ayuda): n
Partition type
   p   primary (0 primary, 0 extended, 4 free)
   e   extended (container for logical partitions)
Select (default p): p
Número de partición (1-4, default 1): 
First sector (2048-204799, default 2048): 
Last sector, +sectors or +size{K,M,G,T,P} (2048-204799, default 204799): +30MB

Created a new partition 1 of type 'Linux' and of size 29 MiB.

Orden (m para obtener ayuda): n
Partition type
   p   primary (1 primary, 0 extended, 3 free)
   e   extended (container for logical partitions)
Select (default p): p
Número de partición (2-4, default 2): 2
First sector (61440-204799, default 61440): 
Last sector, +sectors or +size{K,M,G,T,P} (61440-204799, default 204799): 

Created a new partition 2 of type 'Linux' and of size 70 MiB.

Orden (m para obtener ayuda): t
Número de partición (1,2, default 2): 2
Partition type (type L to list all types): 8e

Changed type of partition 'Linux' to 'Linux LVM'.

Orden (m para obtener ayuda): w
The partition table has been altered.
Calling ioctl() to re-read partition table.
Syncing disks.

alumno@alumno-VirtualBox:~$ sudo fdisk -l /dev/sdb
Disk /dev/sdb: 100 MiB, 104857600 bytes, 204800 sectors
Units: sectors of 1 * 512 = 512 bytes
Sector size (logical/physical): 512 bytes / 512 bytes
I/O size (minimum/optimal): 512 bytes / 512 bytes
Disklabel type: dos
Disk identifier: 0x627d4f96

Disposit.  Inicio Start  Final Sectores Size Id Tipo
/dev/sdb1          2048  61439    59392  29M 83 Linux
/dev/sdb2         61440 204799   143360  70M 8e Linux LVM
alumno@alumno-VirtualBox:~$ sudo fdisk /dev/sdc

Welcome to fdisk (util-linux 2.28.2).
Changes will remain in memory only, until you decide to write them.
Be careful before using the write command.

El dispositivo no contiene una tabla de particiones reconocible.
Created a new DOS disklabel with disk identifier 0xe601ba9d.

Orden (m para obtener ayuda): p
Disk /dev/sdc: 100 MiB, 104857600 bytes, 204800 sectors
Units: sectors of 1 * 512 = 512 bytes
Sector size (logical/physical): 512 bytes / 512 bytes
I/O size (minimum/optimal): 512 bytes / 512 bytes
Disklabel type: dos
Disk identifier: 0xe601ba9d

Orden (m para obtener ayuda): ^C
alumno@alumno-VirtualBox:~$ sudo fdisk /dev/sdc

Welcome to fdisk (util-linux 2.28.2).
Changes will remain in memory only, until you decide to write them.
Be careful before using the write command.

El dispositivo no contiene una tabla de particiones reconocible.
Created a new DOS disklabel with disk identifier 0x472b7f98.

Orden (m para obtener ayuda): n
Partition type
   p   primary (0 primary, 0 extended, 4 free)
   e   extended (container for logical partitions)
Select (default p): p
Número de partición (1-4, default 1): 
First sector (2048-204799, default 2048): 
Last sector, +sectors or +size{K,M,G,T,P} (2048-204799, default 204799): +30MB

Created a new partition 1 of type 'Linux' and of size 29 MiB.

Orden (m para obtener ayuda): n
Partition type
   p   primary (1 primary, 0 extended, 3 free)
   e   extended (container for logical partitions)
Select (default p): p
Número de partición (2-4, default 2): 2
First sector (61440-204799, default 61440): 
Last sector, +sectors or +size{K,M,G,T,P} (61440-204799, default 204799): 

Created a new partition 2 of type 'Linux' and of size 70 MiB.

Orden (m para obtener ayuda): t
Número de partición (1,2, default 2): 2
Partition type (type L to list all types): 8e

Changed type of partition 'Linux' to 'Linux LVM'.

Orden (m para obtener ayuda): w
The partition table has been altered.
Calling ioctl() to re-read partition table.
Syncing disks.

alumno@alumno-VirtualBox:~$ sudo fdisk -l /dev/sdc
Disk /dev/sdc: 100 MiB, 104857600 bytes, 204800 sectors
Units: sectors of 1 * 512 = 512 bytes
Sector size (logical/physical): 512 bytes / 512 bytes
I/O size (minimum/optimal): 512 bytes / 512 bytes
Disklabel type: dos
Disk identifier: 0x472b7f98

Disposit.  Inicio Start  Final Sectores Size Id Tipo
/dev/sdc1          2048  61439    59392  29M 83 Linux
/dev/sdc2         61440 204799   143360  70M 8e Linux LVM
alumno@alumno-VirtualBox:~$ sudo pvcreate /dev/sdb1 /dev/sdc1 /dev/sdb2 /dev/sdc2
  Physical volume "/dev/sdb1" successfully created.
  Physical volume "/dev/sdc1" successfully created.
  Physical volume "/dev/sdb2" successfully created.
  Physical volume "/dev/sdc2" successfully created.
alumno@alumno-VirtualBox:~$ pvs
  WARNING: Running as a non-root user. Functionality may be unavailable.
  /run/lvm/lvmetad.socket: access failed: Permiso denegado
  WARNING: Failed to connect to lvmetad. Falling back to device scanning.
  /run/lock/lvm/P_global:aux: open failed: Permiso denegado
  Unable to obtain global lock.
alumno@alumno-VirtualBox:~$ sudo pvs
  PV         VG Fmt  Attr PSize  PFree 
  /dev/sdb1     lvm2 ---  29,00m 29,00m
  /dev/sdb2     lvm2 ---  70,00m 70,00m
  /dev/sdc1     lvm2 ---  29,00m 29,00m
  /dev/sdc2     lvm2 ---  70,00m 70,00m
alumno@alumno-VirtualBox:~$ sudo pvdisplay
  "/dev/sdb1" is a new physical volume of "29,00 MiB"
  --- NEW Physical volume ---
  PV Name               /dev/sdb1
  VG Name               
  PV Size               29,00 MiB
  Allocatable           NO
  PE Size               0   
  Total PE              0
  Free PE               0
  Allocated PE          0
  PV UUID               3tr4Sy-zl50-I7PC-rJn4-MPTS-wzaL-gWSUVS
   
  "/dev/sdb2" is a new physical volume of "70,00 MiB"
  --- NEW Physical volume ---
  PV Name               /dev/sdb2
  VG Name               
  PV Size               70,00 MiB
  Allocatable           NO
  PE Size               0   
  Total PE              0
  Free PE               0
  Allocated PE          0
  PV UUID               H9vKze-b6ia-lKTQ-rI0v-bwpA-sVWr-RyhTKE
   
  "/dev/sdc2" is a new physical volume of "70,00 MiB"
  --- NEW Physical volume ---
  PV Name               /dev/sdc2
  VG Name               
  PV Size               70,00 MiB
  Allocatable           NO
  PE Size               0   
  Total PE              0
  Free PE               0
  Allocated PE          0
  PV UUID               QdxRBP-IUzG-UmXE-c7Fc-hWrM-oxni-kPM2Mp
   
  "/dev/sdc1" is a new physical volume of "29,00 MiB"
  --- NEW Physical volume ---
  PV Name               /dev/sdc1
  VG Name               
  PV Size               29,00 MiB
  Allocatable           NO
  PE Size               0   
  Total PE              0
  Free PE               0
  Allocated PE          0
  PV UUID               1jW5pw-JrBl-orDo-CcUC-CFez-7LKQ-Gchpfk
   
alumno@alumno-VirtualBox:~$ vgcreate vg01 /dev/sdb1
  WARNING: Running as a non-root user. Functionality may be unavailable.
  /run/lvm/lvmetad.socket: access failed: Permiso denegado
  WARNING: Failed to connect to lvmetad. Falling back to device scanning.
  /run/lock/lvm/V_vg01:aux: open failed: Permiso denegado
  Can't get lock for vg01.
alumno@alumno-VirtualBox:~$ sudo vgcreate vg01 /dev/sdb1
  Volume group "vg01" successfully created
alumno@alumno-VirtualBox:~$ sudo vgs
  VG   #PV #LV #SN Attr   VSize  VFree 
  vg01   1   0   0 wz--n- 28,00m 28,00m
alumno@alumno-VirtualBox:~$ sudo pvs
  PV         VG   Fmt  Attr PSize  PFree 
  /dev/sdb1  vg01 lvm2 a--  28,00m 28,00m
  /dev/sdb2       lvm2 ---  70,00m 70,00m
  /dev/sdc1       lvm2 ---  29,00m 29,00m
  /dev/sdc2       lvm2 ---  70,00m 70,00m
alumno@alumno-VirtualBox:~$ sudo vgex
vgexport  vgextend  
alumno@alumno-VirtualBox:~$ sudo vgextend /dev/sdc1
  Command failed with status code 5.
alumno@alumno-VirtualBox:~$ sudo vgextend vg01 /dev/sdc1
  Volume group "vg01" successfully extended
alumno@alumno-VirtualBox:~$ sudo pvs
  PV         VG   Fmt  Attr PSize  PFree 
  /dev/sdb1  vg01 lvm2 a--  28,00m 28,00m
  /dev/sdb2       lvm2 ---  70,00m 70,00m
  /dev/sdc1  vg01 lvm2 a--  28,00m 28,00m
  /dev/sdc2       lvm2 ---  70,00m 70,00m
alumno@alumno-VirtualBox:~$ sudo vgs
  VG   #PV #LV #SN Attr   VSize  VFree 
  vg01   2   0   0 wz--n- 56,00m 56,00m
alumno@alumno-VirtualBox:~$ sudo vgs
  VG   #PV #LV #SN Attr   VSize  VFree 
  vg01   2   0   0 wz--n- 56,00m 56,00m
alumno@alumno-VirtualBox:~$ sudo lsblk
NAME   MAJ:MIN RM  SIZE RO TYPE MOUNTPOINT
sdb      8:16   0  100M  0 disk 
├─sdb2   8:18   0   70M  0 part 
└─sdb1   8:17   0   29M  0 part 
sr0     11:0    1 1024M  0 rom  
sdc      8:32   0  100M  0 disk 
├─sdc2   8:34   0   70M  0 part 
└─sdc1   8:33   0   29M  0 part 
sda      8:0    0    8G  0 disk 
├─sda2   8:2    0    1K  0 part 
├─sda5   8:5    0  510M  0 part [SWAP]
└─sda1   8:1    0  7,5G  0 part /
alumno@alumno-VirtualBox:~$ sudo lvcreate -L +30MB -n rrhh vg01
  Rounding up size to full physical extent 32,00 MiB
  Logical volume "rrhh" created.
alumno@alumno-VirtualBox:~$ sudo vgs
  VG   #PV #LV #SN Attr   VSize  VFree 
  vg01   2   1   0 wz--n- 56,00m 24,00m
alumno@alumno-VirtualBox:~$ sudo lvs
  LV   VG   Attr       LSize  Pool Origin Data%  Meta%  Move Log Cpy%Sync Convert
  rrhh vg01 -wi-a----- 32,00m                                                    
alumno@alumno-VirtualBox:~$ sudo lvcreate -L +30MB -n comercial vg01
  Rounding up size to full physical extent 32,00 MiB
  Volume group "vg01" has insufficient free space (6 extents): 8 required.
alumno@alumno-VirtualBox:~$ sudo lvs
  LV   VG   Attr       LSize  Pool Origin Data%  Meta%  Move Log Cpy%Sync Convert
  rrhh vg01 -wi-a----- 32,00m                                                    
alumno@alumno-VirtualBox:~$ sudo vgs
  VG   #PV #LV #SN Attr   VSize  VFree 
  vg01   2   1   0 wz--n- 56,00m 24,00m
alumno@alumno-VirtualBox:~$ sudo lvcreate -L +20MB -n comercial vg01

  Logical volume "comercial" created.
alumno@alumno-VirtualBox:~$ 
alumno@alumno-VirtualBox:~$ sudo vgs
  VG   #PV #LV #SN Attr   VSize  VFree
  vg01   2   2   0 wz--n- 56,00m 4,00m
alumno@alumno-VirtualBox:~$ sudo lvs
  LV        VG   Attr       LSize  Pool Origin Data%  Meta%  Move Log Cpy%Sync Convert
  comercial vg01 -wi-a----- 20,00m                                                    
  rrhh      vg01 -wi-a----- 32,00m                                                    
alumno@alumno-VirtualBox:~$ sudo vgs
  VG   #PV #LV #SN Attr   VSize  VFree
  vg01   2   2   0 wz--n- 56,00m 4,00m
alumno@alumno-VirtualBox:~$ mkfs.ext4 /dev/vg01/cont
mke2fs 1.43.3 (04-Sep-2016)
El fichero /dev/vg01/cont no existe y no se ha especificado ningún tamaño.
alumno@alumno-VirtualBox:~$ mkfs.ext4 /dev/vg01/comercial
mke2fs 1.43.3 (04-Sep-2016)
No se puede abrir /dev/vg01/comercial: Permiso denegado
alumno@alumno-VirtualBox:~$ sudo mkfs.ext4 /dev/vg01/comercial
mke2fs 1.43.3 (04-Sep-2016)
Se está creando un sistema de ficheros con 20480 bloques de 1k y 5136 nodos-i
UUID del sistema de ficheros: a9a520a1-6c53-4732-b3df-ac9cb8b54a0c
Respaldo del superbloque guardado en los bloques: 
	8193

Reservando las tablas de grupo: hecho                            
Escribiendo las tablas de nodos-i: hecho                            
Creando el fichero de transacciones (1024 bloques): hecho
Escribiendo superbloques y la información contable del sistema de archivos: hecho

alumno@alumno-VirtualBox:~$ sudo mkfs.ext4 /dev/vg01/rrhh
mke2fs 1.43.3 (04-Sep-2016)
Se está creando un sistema de ficheros con 32768 bloques de 1k y 8192 nodos-i
UUID del sistema de ficheros: 2baabd17-478e-45d9-9b23-bb9127080d5f
Respaldo del superbloque guardado en los bloques: 
	8193, 24577

Reservando las tablas de grupo: hecho                            
Escribiendo las tablas de nodos-i: hecho                            
Creando el fichero de transacciones (4096 bloques): hecho
Escribiendo superbloques y la información contable del sistema de archivos: hecho

alumno@alumno-VirtualBox:~$ mkdir /rrhh /comercial
mkdir: no se puede crear el directorio «/rrhh»: Permiso denegado
mkdir: no se puede crear el directorio «/comercial»: Permiso denegado
alumno@alumno-VirtualBox:~$ sudo mkdir /rrhh /comercial
alumno@alumno-VirtualBox:~$ mount /dev/vg01/rrhh /rrhh
mount: solo root puede hace eso
alumno@alumno-VirtualBox:~$ sudo mount /dev/vg01/rrhh /rrhh
alumno@alumno-VirtualBox:~$ sudo mount /dev/vg01/comercial /comercial
alumno@alumno-VirtualBox:~$ lsblk
NAME               MAJ:MIN RM  SIZE RO TYPE MOUNTPOINT
sdb                  8:16   0  100M  0 disk 
├─sdb2               8:18   0   70M  0 part 
└─sdb1               8:17   0   29M  0 part 
  └─vg01-rrhh      252:0    0   32M  0 lvm  /rrhh
sr0                 11:0    1 1024M  0 rom  
sdc                  8:32   0  100M  0 disk 
├─sdc2               8:34   0   70M  0 part 
└─sdc1               8:33   0   29M  0 part 
  ├─vg01-comercial 252:1    0   20M  0 lvm  /comercial
  └─vg01-rrhh      252:0    0   32M  0 lvm  /rrhh
sda                  8:0    0    8G  0 disk 
├─sda2               8:2    0    1K  0 part 
├─sda5               8:5    0  510M  0 part [SWAP]
└─sda1               8:1    0  7,5G  0 part /
alumno@alumno-VirtualBox:~$ Fin del Trabajo Particion y LVM

///////////////////////////////////////////////////////////
***********************************************************

El examen va desde expresiones regulares (7) hasta LVM (12)
